../Utilities/tensorflow/lite/micro/kernels/cmsis_nn/add.cc:209:7:void* tflite::ops::micro::add::Init(TfLiteContext*, const char*, size_t)	8	static
/Users/johnpzh/pppp/STM32CubeIDE/028TFLM/Utilities/tensorflow/lite/kernels/internal/runtime_shape.h:54:11:int32_t tflite::RuntimeShape::Dims(int) const	8	static
/Users/johnpzh/pppp/STM32CubeIDE/028TFLM/Utilities/tensorflow/lite/kernels/internal/runtime_shape.h:80:7:int tflite::RuntimeShape::FlatSize() const	8	static
/Users/johnpzh/pppp/STM32CubeIDE/028TFLM/Utilities/tensorflow/lite/kernels/internal/runtime_shape.h:93:3:tflite::RuntimeShape::RuntimeShape(int, const tflite::RuntimeShape&, int)	24	static
/Users/johnpzh/pppp/STM32CubeIDE/028TFLM/Utilities/tensorflow/lite/kernels/internal/runtime_shape.h:119:12:int tflite::Offset(const tflite::RuntimeShape&, int, int, int, int)	16	static
/Users/johnpzh/pppp/STM32CubeIDE/028TFLM/Utilities/tensorflow/lite/kernels/internal/types.h:283:12:int tflite::MatchingElementsSize(const tflite::RuntimeShape&, const tflite::RuntimeShape&, const tflite::RuntimeShape&)	16	static
/Users/johnpzh/pppp/STM32CubeIDE/028TFLM/Utilities/tensorflow/lite/kernels/internal/common.h:141:16:int32_t tflite::MultiplyByQuantizedMultiplierSmallerThanOneExp(int32_t, int32_t, int)	8	static
/Users/johnpzh/pppp/STM32CubeIDE/028TFLM/Utilities/tensorflow/lite/kernels/internal/common.h:771:12:int tflite::SubscriptToIndex(const tflite::NdArrayDesc<4>&, int, int, int, int)	16	static
/Users/johnpzh/pppp/STM32CubeIDE/028TFLM/Utilities/tensorflow/lite/kernels/internal/reference/add.h:131:13:void tflite::reference_ops::AddGeneralParamScale(const tflite::ArithmeticParams&, const tflite::RuntimeShape&, const int16_t*, const tflite::RuntimeShape&, const int16_t*, const tflite::RuntimeShape&, int16_t*)	48	static
/Users/johnpzh/pppp/STM32CubeIDE/028TFLM/Utilities/tensorflow/lite/kernels/internal/reference/process_broadcast_shapes.h:38:13:bool tflite::reference_ops::ProcessBroadcastShapes(const tflite::RuntimeShape&, const tflite::RuntimeShape&, tflite::ArithmeticParams*)	72	static
/Users/johnpzh/pppp/STM32CubeIDE/028TFLM/Utilities/tensorflow/lite/micro/kernels/kernel_util.h:31:26:TfLiteEvalTensor* tflite::micro::GetMutableEvalInput(const TfLiteContext*, const TfLiteNode*, int)	8	static
../Utilities/tensorflow/lite/micro/kernels/cmsis_nn/add.cc:63:14:TfLiteStatus tflite::ops::micro::add::CalculateOpData(TfLiteContext*, TfLiteAddParams*, const TfLiteTensor*, const TfLiteTensor*, TfLiteTensor*, tflite::ops::micro::add::OpData*)	64	static
../Utilities/tensorflow/lite/micro/kernels/cmsis_nn/add.cc:214:14:TfLiteStatus tflite::ops::micro::add::Prepare(TfLiteContext*, TfLiteNode*)	32	static
../Utilities/tensorflow/lite/micro/kernels/cmsis_nn/add.cc:263:20:TfLiteRegistration tflite::ops::micro::Register_ADD()	16	static
/Users/johnpzh/pppp/STM32CubeIDE/028TFLM/Utilities/tensorflow/lite/kernels/internal/common.h:853:13:void tflite::CopyDimsToDesc(const tflite::RuntimeShape&, tflite::NdArrayDesc<N>*) [with int N = 4]	24	static
/Users/johnpzh/pppp/STM32CubeIDE/028TFLM/Utilities/tensorflow/lite/kernels/internal/common.h:864:13:void tflite::NdArrayDescsForElementwiseBroadcast(const tflite::RuntimeShape&, const tflite::RuntimeShape&, tflite::NdArrayDesc<N>*, tflite::NdArrayDesc<N>*) [with int N = 4]	80	static
/Users/johnpzh/pppp/STM32CubeIDE/028TFLM/Utilities/tensorflow/lite/kernels/internal/reference/add.h:198:1:typename std::enable_if<(! tflite::is_small_integer<T>::value), void>::type tflite::reference_ops::BroadcastAdd4DSlow(const tflite::ArithmeticParams&, const tflite::RuntimeShape&, const T*, const tflite::RuntimeShape&, const T*, const tflite::RuntimeShape&, T*) [with T = float]	168	static
../Utilities/tensorflow/lite/micro/kernels/cmsis_nn/add.cc:107:6:void tflite::ops::micro::add::EvalAdd(TfLiteContext*, TfLiteNode*, TfLiteAddParams*, const tflite::ops::micro::add::OpData*, const TfLiteEvalTensor*, const TfLiteEvalTensor*, TfLiteEvalTensor*)	272	static
/Users/johnpzh/pppp/STM32CubeIDE/028TFLM/Utilities/tensorflow/lite/kernels/internal/reference/add.h:243:1:typename std::enable_if<tflite::is_small_integer<T>::value, void>::type tflite::reference_ops::BroadcastAdd4DSlow(const tflite::ArithmeticParams&, const tflite::RuntimeShape&, const T*, const tflite::RuntimeShape&, const T*, const tflite::RuntimeShape&, T*) [with T = short int]	160	static
../Utilities/tensorflow/lite/micro/kernels/cmsis_nn/add.cc:131:14:TfLiteStatus tflite::ops::micro::add::EvalAddQuantized(TfLiteContext*, TfLiteNode*, TfLiteAddParams*, const tflite::ops::micro::add::OpData*, const TfLiteEvalTensor*, const TfLiteEvalTensor*, TfLiteEvalTensor*)	496	static
../Utilities/tensorflow/lite/micro/kernels/cmsis_nn/add.cc:234:14:TfLiteStatus tflite::ops::micro::add::Eval(TfLiteContext*, TfLiteNode*)	48	static
