../Utilities/tensorflow/lite/micro/kernels/cmsis_nn/fully_connected.cc:44:7:void* tflite::{anonymous}::Init(TfLiteContext*, const char*, size_t)	8	static
/Users/johnpzh/pppp/STM32CubeIDE/028TFLM/Utilities/tensorflow/lite/kernels/internal/runtime_shape.h:54:11:int32_t tflite::RuntimeShape::Dims(int) const	8	static
../Utilities/tensorflow/lite/micro/kernels/cmsis_nn/fully_connected.cc:49:14:TfLiteStatus tflite::{anonymous}::Prepare(TfLiteContext*, TfLiteNode*)	120	static
../Utilities/tensorflow/lite/micro/kernels/cmsis_nn/fully_connected.cc:103:14:TfLiteStatus tflite::{anonymous}::EvalQuantizedInt8(TfLiteContext*, TfLiteNode*, const tflite::{anonymous}::OpData&, const TfLiteEvalTensor*, const TfLiteEvalTensor*, const TfLiteEvalTensor*, TfLiteEvalTensor*)	256	static
/Users/johnpzh/pppp/STM32CubeIDE/028TFLM/Utilities/tensorflow/lite/micro/kernels/kernel_util.h:31:26:TfLiteEvalTensor* tflite::micro::GetMutableEvalInput(const TfLiteContext*, const TfLiteNode*, int)	8	static
/Users/johnpzh/pppp/STM32CubeIDE/028TFLM/Utilities/tensorflow/lite/micro/kernels/kernel_util.h:46:26:TfLiteEvalTensor* tflite::micro::GetEvalOutput(const TfLiteContext*, const TfLiteNode*, int)	8	static
../Utilities/tensorflow/lite/micro/kernels/cmsis_nn/fully_connected.cc:225:14:TfLiteStatus tflite::{anonymous}::EvalInt8(TfLiteContext*, TfLiteNode*)	40	static
../Utilities/tensorflow/lite/micro/kernels/cmsis_nn/fully_connected.cc:174:14:TfLiteStatus tflite::{anonymous}::Eval(TfLiteContext*, TfLiteNode*)	208	static
../Utilities/tensorflow/lite/micro/kernels/cmsis_nn/fully_connected.cc:250:20:TfLiteRegistration tflite::Register_FULLY_CONNECTED()	16	static
../Utilities/tensorflow/lite/micro/kernels/cmsis_nn/fully_connected.cc:262:20:TfLiteRegistration tflite::Register_FULLY_CONNECTED_INT8()	16	static
