/Users/johnpzh/pppp/STM32CubeIDE/028TFLM/Utilities/tensorflow/lite/kernels/internal/runtime_shape.h:54:11:int32_t tflite::RuntimeShape::Dims(int) const	8	static
/Users/johnpzh/pppp/STM32CubeIDE/028TFLM/Utilities/tensorflow/lite/kernels/internal/types.h:247:12:int tflite::MatchingDim(const tflite::RuntimeShape&, int, const tflite::RuntimeShape&, int)	16	static
/Users/johnpzh/pppp/STM32CubeIDE/028TFLM/Utilities/tensorflow/lite/kernels/internal/types.h:514:12:int tflite::MatchingFlatSizeSkipDim(const tflite::RuntimeShape&, int, const tflite::RuntimeShape&)	32	static
/Users/johnpzh/pppp/STM32CubeIDE/028TFLM/Utilities/third_party/gemmlowp/fixedpoint/fixedpoint.h:329:21:IntegerType gemmlowp::SaturatingRoundingDoublingHighMul(IntegerType, IntegerType) [with IntegerType = long int]	8	static
/Users/johnpzh/pppp/STM32CubeIDE/028TFLM/Utilities/tensorflow/lite/kernels/internal/reference/softmax.h:30:13:void tflite::reference_ops::Softmax(const tflite::SoftmaxParams&, const tflite::RuntimeShape&, const float*, const tflite::RuntimeShape&, float*)	80	static
../Utilities/tensorflow/lite/micro/kernels/cmsis_nn/softmax.cc:94:20:TfLiteRegistration tflite::Register_SOFTMAX()	16	static
/Users/johnpzh/pppp/STM32CubeIDE/028TFLM/Utilities/third_party/gemmlowp/fixedpoint/fixedpoint.h:357:20:IntegerType gemmlowp::RoundingDivideByPOT(IntegerType, int) [with IntegerType = long int]	8	static
/Users/johnpzh/pppp/STM32CubeIDE/028TFLM/Utilities/tensorflow/lite/kernels/internal/common.h:357:16:LutOutT tflite::lut_lookup_with_interpolation(int16_t, const LutOutT*) [with LutOutT = short int]	0	static
/Users/johnpzh/pppp/STM32CubeIDE/028TFLM/Utilities/tensorflow/lite/kernels/internal/reference/softmax.h:165:13:void tflite::reference_ops::SoftmaxInt16(const tflite::SoftmaxParams&, const tflite::RuntimeShape&, const int16_t*, const tflite::RuntimeShape&, int16_t*)	104	static
/Users/johnpzh/pppp/STM32CubeIDE/028TFLM/Utilities/third_party/gemmlowp/fixedpoint/fixedpoint.h:842:25:gemmlowp::FixedPoint<tRawType, 0> gemmlowp::one_over_one_plus_x_for_x_in_0_1(gemmlowp::FixedPoint<tRawType, 0>) [with tRawType = long int]	24	static
/Users/johnpzh/pppp/STM32CubeIDE/028TFLM/Utilities/third_party/gemmlowp/fixedpoint/fixedpoint.h:687:47:typename FixedPointType::ScalarRawType gemmlowp::RescaleConstantInitializer(int32_t) [with FixedPointType = gemmlowp::FixedPoint<long int, 0>]	8	static
/Users/johnpzh/pppp/STM32CubeIDE/028TFLM/Utilities/third_party/gemmlowp/fixedpoint/fixedpoint.h:539:55:gemmlowp::FixedPoint<tRawType, (tIntegerBits_a + tIntegerBits_b)> gemmlowp::operator*(gemmlowp::FixedPoint<tRawType, tIntegerBits_a>, gemmlowp::FixedPoint<tRawType, tIntegerBits_b>) [with tRawType = long int; int tIntegerBits_a = 0; int tIntegerBits_b = 0]	8	static
/Users/johnpzh/pppp/STM32CubeIDE/028TFLM/Utilities/third_party/gemmlowp/fixedpoint/fixedpoint.h:721:25:gemmlowp::FixedPoint<tRawType, 0> gemmlowp::exp_on_interval_between_negative_one_quarter_and_0_excl(gemmlowp::FixedPoint<tRawType, 0>) [with tRawType = long int]	24	static
/Users/johnpzh/pppp/STM32CubeIDE/028TFLM/Utilities/third_party/gemmlowp/fixedpoint/fixedpoint.h:746:25:gemmlowp::FixedPoint<tRawType, 0> gemmlowp::exp_on_negative_values(gemmlowp::FixedPoint<tRawType, tIntegerBits_a>) [with tRawType = long int; int tIntegerBits = 5]	40	static
/Users/johnpzh/pppp/STM32CubeIDE/028TFLM/Utilities/tensorflow/lite/kernels/internal/reference/softmax.h:67:13:void tflite::reference_ops::Softmax(const tflite::SoftmaxParams&, const tflite::RuntimeShape&, const InputT*, const tflite::RuntimeShape&, OutputT*) [with InputT = signed char; OutputT = short int]	80	static
../Utilities/tensorflow/lite/micro/kernels/cmsis_nn/softmax.cc:63:14:TfLiteStatus tflite::{anonymous}::SoftmaxEval(TfLiteContext*, TfLiteNode*)	152	static
