../Utilities/tensorflow/lite/micro/kernels/activations.cc:32:7:void* tflite::{anonymous}::ReluInit(TfLiteContext*, const char*, size_t)	8	static
../Utilities/tensorflow/lite/micro/kernels/activations.cc:70:7:void* tflite::{anonymous}::Relu6Init(TfLiteContext*, const char*, size_t)	8	static
/Users/johnpzh/pppp/STM32CubeIDE/028TFLM/Utilities/tensorflow/lite/micro/kernels/kernel_util.h:31:26:TfLiteEvalTensor* tflite::micro::GetMutableEvalInput(const TfLiteContext*, const TfLiteNode*, int)	8	static
/Users/johnpzh/pppp/STM32CubeIDE/028TFLM/Utilities/tensorflow/lite/micro/kernels/kernel_util.h:46:26:TfLiteEvalTensor* tflite::micro::GetEvalOutput(const TfLiteContext*, const TfLiteNode*, int)	8	static
../Utilities/tensorflow/lite/micro/kernels/activations.cc:37:14:TfLiteStatus tflite::{anonymous}::ReluEval(TfLiteContext*, TfLiteNode*)	80	static
../Utilities/tensorflow/lite/micro/kernels/activations.cc:75:14:TfLiteStatus tflite::{anonymous}::Relu6Eval(TfLiteContext*, TfLiteNode*)	88	static
../Utilities/tensorflow/lite/micro/kernels/activations.cc:111:20:TfLiteRegistration tflite::Register_RELU()	16	static
../Utilities/tensorflow/lite/micro/kernels/activations.cc:122:20:TfLiteRegistration tflite::Register_RELU6()	16	static
