../Utilities/tensorflow/lite/micro/kernels/add_n.cc:129:14:TfLiteStatus tflite::{anonymous}::Prepare(TfLiteContext*, TfLiteNode*)	88	static
/Users/johnpzh/pppp/STM32CubeIDE/028TFLM/Utilities/tensorflow/lite/kernels/internal/runtime_shape.h:80:7:int tflite::RuntimeShape::FlatSize() const	8	static
/Users/johnpzh/pppp/STM32CubeIDE/028TFLM/Utilities/tensorflow/lite/kernels/internal/common.h:141:16:int32_t tflite::MultiplyByQuantizedMultiplierSmallerThanOneExp(int32_t, int32_t, int)	8	static
/Users/johnpzh/pppp/STM32CubeIDE/028TFLM/Utilities/tensorflow/lite/micro/kernels/kernel_util.h:31:26:TfLiteEvalTensor* tflite::micro::GetMutableEvalInput(const TfLiteContext*, const TfLiteNode*, int)	8	static
../Utilities/tensorflow/lite/micro/kernels/add_n.cc:187:14:TfLiteStatus tflite::{anonymous}::Eval(TfLiteContext*, TfLiteNode*)	104	static
../Utilities/tensorflow/lite/micro/kernels/add_n.cc:204:20:TfLiteRegistration tflite::Register_ADD_N()	16	static
