../Utilities/tensorflow/lite/micro/kernels/call_once.cc:43:14:TfLiteStatus tflite::{anonymous}::Prepare(TfLiteContext*, TfLiteNode*)	32	static
../Utilities/tensorflow/lite/micro/kernels/call_once.cc:67:14:TfLiteStatus tflite::{anonymous}::Eval(TfLiteContext*, TfLiteNode*)	16	static
../Utilities/tensorflow/lite/micro/kernels/call_once.cc:38:7:void* tflite::{anonymous}::Init(TfLiteContext*, const char*, size_t)	8	static
../Utilities/tensorflow/lite/micro/kernels/call_once.cc:93:20:TfLiteRegistration tflite::Register_CALL_ONCE()	16	static
