../Utilities/tensorflow/lite/micro/kernels/comparisons.cc:534:7:void* tflite::ops::micro::comparisons::Init(TfLiteContext*, const char*, size_t)	8	static
../Utilities/tensorflow/lite/micro/kernels/comparisons.cc:539:14:TfLiteStatus tflite::ops::micro::comparisons::Prepare(TfLiteContext*, TfLiteNode*)	48	static
/Users/johnpzh/pppp/STM32CubeIDE/028Printf/Utilities/tensorflow/lite/kernels/internal/runtime_shape.h:54:11:int32_t tflite::RuntimeShape::Dims(int) const	8	static
/Users/johnpzh/pppp/STM32CubeIDE/028Printf/Utilities/tensorflow/lite/kernels/internal/runtime_shape.h:93:3:tflite::RuntimeShape::RuntimeShape(int, const tflite::RuntimeShape&, int)	24	static
/Users/johnpzh/pppp/STM32CubeIDE/028Printf/Utilities/tensorflow/lite/kernels/internal/runtime_shape.h:119:12:int tflite::Offset(const tflite::RuntimeShape&, int, int, int, int)	16	static
/Users/johnpzh/pppp/STM32CubeIDE/028Printf/Utilities/tensorflow/lite/kernels/internal/types.h:306:12:int tflite::MatchingFlatSize(const tflite::RuntimeShape&, const tflite::RuntimeShape&, const tflite::RuntimeShape&)	32	static
/Users/johnpzh/pppp/STM32CubeIDE/028Printf/Utilities/tensorflow/lite/kernels/internal/common.h:141:16:int32_t tflite::MultiplyByQuantizedMultiplierSmallerThanOneExp(int32_t, int32_t, int)	8	static
/Users/johnpzh/pppp/STM32CubeIDE/028Printf/Utilities/tensorflow/lite/kernels/internal/common.h:771:12:int tflite::SubscriptToIndex(const tflite::NdArrayDesc<4>&, int, int, int, int)	16	static
/Users/johnpzh/pppp/STM32CubeIDE/028Printf/Utilities/tensorflow/lite/micro/kernels/kernel_util.h:31:26:TfLiteEvalTensor* tflite::micro::GetMutableEvalInput(const TfLiteContext*, const TfLiteNode*, int)	8	static
/Users/johnpzh/pppp/STM32CubeIDE/028Printf/Utilities/tensorflow/lite/micro/kernels/kernel_util.h:46:26:TfLiteEvalTensor* tflite::micro::GetEvalOutput(const TfLiteContext*, const TfLiteNode*, int)	8	static
../Utilities/tensorflow/lite/micro/kernels/comparisons.cc:578:20:TfLiteRegistration tflite::ops::micro::Register_EQUAL()	16	static
../Utilities/tensorflow/lite/micro/kernels/comparisons.cc:589:20:TfLiteRegistration tflite::ops::micro::Register_NOT_EQUAL()	16	static
../Utilities/tensorflow/lite/micro/kernels/comparisons.cc:600:20:TfLiteRegistration tflite::ops::micro::Register_GREATER()	16	static
../Utilities/tensorflow/lite/micro/kernels/comparisons.cc:611:20:TfLiteRegistration tflite::ops::micro::Register_GREATER_EQUAL()	16	static
../Utilities/tensorflow/lite/micro/kernels/comparisons.cc:622:20:TfLiteRegistration tflite::ops::micro::Register_LESS()	16	static
../Utilities/tensorflow/lite/micro/kernels/comparisons.cc:633:20:TfLiteRegistration tflite::ops::micro::Register_LESS_EQUAL()	16	static
/Users/johnpzh/pppp/STM32CubeIDE/028Printf/Utilities/tensorflow/lite/micro/kernels/kernel_util.h:61:10:const T* tflite::micro::GetTensorData(const TfLiteEvalTensor*) [with T = bool]	8	static
/Users/johnpzh/pppp/STM32CubeIDE/028Printf/Utilities/tensorflow/lite/micro/kernels/kernel_util.h:61:10:const T* tflite::micro::GetTensorData(const TfLiteEvalTensor*) [with T = float]	8	static
/Users/johnpzh/pppp/STM32CubeIDE/028Printf/Utilities/tensorflow/lite/micro/kernels/kernel_util.h:61:10:const T* tflite::micro::GetTensorData(const TfLiteEvalTensor*) [with T = long int]	8	static
/Users/johnpzh/pppp/STM32CubeIDE/028Printf/Utilities/tensorflow/lite/micro/kernels/kernel_util.h:61:10:const T* tflite::micro::GetTensorData(const TfLiteEvalTensor*) [with T = long long int]	8	static
/Users/johnpzh/pppp/STM32CubeIDE/028Printf/Utilities/tensorflow/lite/micro/kernels/kernel_util.h:61:10:const T* tflite::micro::GetTensorData(const TfLiteEvalTensor*) [with T = signed char]	8	static
/Users/johnpzh/pppp/STM32CubeIDE/028Printf/Utilities/tensorflow/lite/kernels/internal/common.h:853:13:void tflite::CopyDimsToDesc(const tflite::RuntimeShape&, tflite::NdArrayDesc<N>*) [with int N = 4]	24	static
/Users/johnpzh/pppp/STM32CubeIDE/028Printf/Utilities/tensorflow/lite/kernels/internal/reference/comparisons.h:115:40:tflite::reference_ops::BroadcastComparison4DSlowCommon tflite::reference_ops::BroadcastComparison4DSlowPreprocess(const tflite::RuntimeShape&, const tflite::RuntimeShape&, const tflite::RuntimeShape&)	144	static
/Users/johnpzh/pppp/STM32CubeIDE/028Printf/Utilities/tensorflow/lite/kernels/internal/reference/comparisons.h:168:13:void tflite::reference_ops::BroadcastComparison4DSlowWithScaling(const tflite::ComparisonParams&, const tflite::RuntimeShape&, const T*, const tflite::RuntimeShape&, const T*, const tflite::RuntimeShape&, bool*) [with T = signed char; bool (* F)(long int, long int) = tflite::reference_ops::EqualFn<long int>]	184	static
../Utilities/tensorflow/lite/micro/kernels/comparisons.cc:37:14:TfLiteStatus tflite::ops::micro::comparisons::{anonymous}::EqualEval(TfLiteContext*, TfLiteNode*)	520	static
/Users/johnpzh/pppp/STM32CubeIDE/028Printf/Utilities/tensorflow/lite/kernels/internal/reference/comparisons.h:168:13:void tflite::reference_ops::BroadcastComparison4DSlowWithScaling(const tflite::ComparisonParams&, const tflite::RuntimeShape&, const T*, const tflite::RuntimeShape&, const T*, const tflite::RuntimeShape&, bool*) [with T = signed char; bool (* F)(long int, long int) = tflite::reference_ops::NotEqualFn<long int>]	184	static
../Utilities/tensorflow/lite/micro/kernels/comparisons.cc:129:14:TfLiteStatus tflite::ops::micro::comparisons::{anonymous}::NotEqualEval(TfLiteContext*, TfLiteNode*)	520	static
/Users/johnpzh/pppp/STM32CubeIDE/028Printf/Utilities/tensorflow/lite/kernels/internal/reference/comparisons.h:168:13:void tflite::reference_ops::BroadcastComparison4DSlowWithScaling(const tflite::ComparisonParams&, const tflite::RuntimeShape&, const T*, const tflite::RuntimeShape&, const T*, const tflite::RuntimeShape&, bool*) [with T = signed char; bool (* F)(long int, long int) = tflite::reference_ops::GreaterFn<long int>]	184	static
../Utilities/tensorflow/lite/micro/kernels/comparisons.cc:220:14:TfLiteStatus tflite::ops::micro::comparisons::{anonymous}::GreaterEval(TfLiteContext*, TfLiteNode*)	432	static
/Users/johnpzh/pppp/STM32CubeIDE/028Printf/Utilities/tensorflow/lite/kernels/internal/reference/comparisons.h:168:13:void tflite::reference_ops::BroadcastComparison4DSlowWithScaling(const tflite::ComparisonParams&, const tflite::RuntimeShape&, const T*, const tflite::RuntimeShape&, const T*, const tflite::RuntimeShape&, bool*) [with T = signed char; bool (* F)(long int, long int) = tflite::reference_ops::GreaterEqualFn<long int>]	184	static
../Utilities/tensorflow/lite/micro/kernels/comparisons.cc:298:14:TfLiteStatus tflite::ops::micro::comparisons::{anonymous}::GreaterEqualEval(TfLiteContext*, TfLiteNode*)	432	static
/Users/johnpzh/pppp/STM32CubeIDE/028Printf/Utilities/tensorflow/lite/kernels/internal/reference/comparisons.h:168:13:void tflite::reference_ops::BroadcastComparison4DSlowWithScaling(const tflite::ComparisonParams&, const tflite::RuntimeShape&, const T*, const tflite::RuntimeShape&, const T*, const tflite::RuntimeShape&, bool*) [with T = signed char; bool (* F)(long int, long int) = tflite::reference_ops::LessFn<long int>]	184	static
../Utilities/tensorflow/lite/micro/kernels/comparisons.cc:376:14:TfLiteStatus tflite::ops::micro::comparisons::{anonymous}::LessEval(TfLiteContext*, TfLiteNode*)	432	static
/Users/johnpzh/pppp/STM32CubeIDE/028Printf/Utilities/tensorflow/lite/kernels/internal/reference/comparisons.h:168:13:void tflite::reference_ops::BroadcastComparison4DSlowWithScaling(const tflite::ComparisonParams&, const tflite::RuntimeShape&, const T*, const tflite::RuntimeShape&, const T*, const tflite::RuntimeShape&, bool*) [with T = signed char; bool (* F)(long int, long int) = tflite::reference_ops::LessEqualFn<long int>]	184	static
../Utilities/tensorflow/lite/micro/kernels/comparisons.cc:454:14:TfLiteStatus tflite::ops::micro::comparisons::{anonymous}::LessEqualEval(TfLiteContext*, TfLiteNode*)	432	static
