../Utilities/tensorflow/lite/micro/kernels/concatenation.cc:107:7:void* tflite::ops::micro::concatenation::Init(TfLiteContext*, const char*, size_t)	8	static
../Utilities/tensorflow/lite/micro/kernels/concatenation.cc:112:14:TfLiteStatus tflite::ops::micro::concatenation::Prepare(TfLiteContext*, TfLiteNode*)	64	static
/Users/johnpzh/pppp/STM32CubeIDE/028Printf/Utilities/tensorflow/lite/kernels/internal/runtime_shape.h:54:11:int32_t tflite::RuntimeShape::Dims(int) const	8	static
/Users/johnpzh/pppp/STM32CubeIDE/028Printf/Utilities/tensorflow/lite/kernels/internal/types.h:247:12:int tflite::MatchingDim(const tflite::RuntimeShape&, int, const tflite::RuntimeShape&, int)	16	static
/Users/johnpzh/pppp/STM32CubeIDE/028Printf/Utilities/tensorflow/lite/micro/kernels/kernel_util.h:31:26:TfLiteEvalTensor* tflite::micro::GetMutableEvalInput(const TfLiteContext*, const TfLiteNode*, int)	8	static
/Users/johnpzh/pppp/STM32CubeIDE/028Printf/Utilities/tensorflow/lite/micro/kernels/kernel_util.h:46:26:TfLiteEvalTensor* tflite::micro::GetEvalOutput(const TfLiteContext*, const TfLiteNode*, int)	8	static
../Utilities/tensorflow/lite/micro/kernels/concatenation.cc:53:13:void tflite::ops::micro::concatenation::GetAllInputTensorShapes(const TfLiteContext*, const TfLiteNode*, tflite::RuntimeShape*)	48	static
../Utilities/tensorflow/lite/micro/kernels/concatenation.cc:66:13:void tflite::ops::micro::concatenation::GetShapesPointers(const tflite::RuntimeShape*, size_t, const tflite::RuntimeShape**)	12	static
../Utilities/tensorflow/lite/micro/kernels/concatenation.cc:242:20:TfLiteRegistration tflite::ops::micro::Register_CONCATENATION()	16	static
../Utilities/tensorflow/lite/micro/kernels/concatenation.cc:87:6:void tflite::ops::micro::concatenation::EvalUnquantized(TfLiteContext*, TfLiteNode*) [with data_type = float]	400	static
../Utilities/tensorflow/lite/micro/kernels/concatenation.cc:87:6:void tflite::ops::micro::concatenation::EvalUnquantized(TfLiteContext*, TfLiteNode*) [with data_type = long int]	400	static
../Utilities/tensorflow/lite/micro/kernels/concatenation.cc:87:6:void tflite::ops::micro::concatenation::EvalUnquantized(TfLiteContext*, TfLiteNode*) [with data_type = signed char]	400	static
../Utilities/tensorflow/lite/micro/kernels/concatenation.cc:87:6:void tflite::ops::micro::concatenation::EvalUnquantized(TfLiteContext*, TfLiteNode*) [with data_type = long long int]	400	static
../Utilities/tensorflow/lite/micro/kernels/concatenation.cc:87:6:void tflite::ops::micro::concatenation::EvalUnquantized(TfLiteContext*, TfLiteNode*) [with data_type = short int]	400	static
../Utilities/tensorflow/lite/micro/kernels/concatenation.cc:208:14:TfLiteStatus tflite::ops::micro::concatenation::Eval(TfLiteContext*, TfLiteNode*)	24	static
