/Applications/STM32CubeIDE.app/Contents/Eclipse/plugins/com.st.stm32cube.ide.mcu.externaltools.gnu-tools-for-stm32.10.3-2021.10.macos64_1.0.0.202111181127/tools/arm-none-eabi/include/c++/10.3.1/bits/std_abs.h:75:3:constexpr float std::abs(float)	0	static
../Utilities/tensorflow/lite/micro/kernels/elementwise.cc:106:37:static float tflite::ops::micro::elementwise::{anonymous}::SquareEval(TfLiteContext*, TfLiteNode*)::<lambda(float)>::_FUN(float)	0	static
/Applications/STM32CubeIDE.app/Contents/Eclipse/plugins/com.st.stm32cube.ide.mcu.externaltools.gnu-tools-for-stm32.10.3-2021.10.macos64_1.0.0.202111181127/tools/arm-none-eabi/include/c++/10.3.1/cmath:425:3:constexpr float std::sin(float)	0	static
/Applications/STM32CubeIDE.app/Contents/Eclipse/plugins/com.st.stm32cube.ide.mcu.externaltools.gnu-tools-for-stm32.10.3-2021.10.macos64_1.0.0.202111181127/tools/arm-none-eabi/include/c++/10.3.1/cmath:184:3:constexpr float std::cos(float)	0	static
/Applications/STM32CubeIDE.app/Contents/Eclipse/plugins/com.st.stm32cube.ide.mcu.externaltools.gnu-tools-for-stm32.10.3-2021.10.macos64_1.0.0.202111181127/tools/arm-none-eabi/include/c++/10.3.1/cmath:338:3:constexpr float std::log(float)	0	static
/Applications/STM32CubeIDE.app/Contents/Eclipse/plugins/com.st.stm32cube.ide.mcu.externaltools.gnu-tools-for-stm32.10.3-2021.10.macos64_1.0.0.202111181127/tools/arm-none-eabi/include/c++/10.3.1/cmath:463:3:constexpr float std::sqrt(float)	0	static
../Utilities/tensorflow/lite/micro/kernels/elementwise.cc:102:37:static float tflite::ops::micro::elementwise::{anonymous}::RsqrtEval(TfLiteContext*, TfLiteNode*)::<lambda(float)>::_FUN(float)	8	static
../Utilities/tensorflow/lite/micro/kernels/elementwise.cc:40:14:TfLiteStatus tflite::ops::micro::elementwise::{anonymous}::GenericPrepare(TfLiteContext*, TfLiteNode*) [with bool (* <anonymous>)(TfLiteType) = tflite::ops::micro::elementwise::{anonymous}::IsNumericSupportedType]	40	static
../Utilities/tensorflow/lite/micro/kernels/elementwise.cc:40:14:TfLiteStatus tflite::ops::micro::elementwise::{anonymous}::GenericPrepare(TfLiteContext*, TfLiteNode*) [with bool (* <anonymous>)(TfLiteType) = tflite::ops::micro::elementwise::{anonymous}::IsLogicalSupportedType]	0	static
/Users/johnpzh/pppp/STM32CubeIDE/028TFLM/Utilities/tensorflow/lite/micro/kernels/kernel_util.h:31:26:TfLiteEvalTensor* tflite::micro::GetMutableEvalInput(const TfLiteContext*, const TfLiteNode*, int)	8	static
/Users/johnpzh/pppp/STM32CubeIDE/028TFLM/Utilities/tensorflow/lite/micro/kernels/kernel_util.h:46:26:TfLiteEvalTensor* tflite::micro::GetEvalOutput(const TfLiteContext*, const TfLiteNode*, int)	8	static
../Utilities/tensorflow/lite/micro/kernels/elementwise.cc:109:14:TfLiteStatus tflite::ops::micro::elementwise::{anonymous}::LogicalNotEval(TfLiteContext*, TfLiteNode*)	32	static
../Utilities/tensorflow/lite/micro/kernels/elementwise.cc:71:21:TfLiteStatus tflite::ops::micro::elementwise::{anonymous}::EvalNumeric(TfLiteContext*, TfLiteNode*, float (*)(float))	40	static
../Utilities/tensorflow/lite/micro/kernels/elementwise.cc:81:14:TfLiteStatus tflite::ops::micro::elementwise::{anonymous}::AbsEval(TfLiteContext*, TfLiteNode*)	0	static
../Utilities/tensorflow/lite/micro/kernels/elementwise.cc:85:14:TfLiteStatus tflite::ops::micro::elementwise::{anonymous}::SinEval(TfLiteContext*, TfLiteNode*)	0	static
../Utilities/tensorflow/lite/micro/kernels/elementwise.cc:89:14:TfLiteStatus tflite::ops::micro::elementwise::{anonymous}::CosEval(TfLiteContext*, TfLiteNode*)	0	static
../Utilities/tensorflow/lite/micro/kernels/elementwise.cc:93:14:TfLiteStatus tflite::ops::micro::elementwise::{anonymous}::LogEval(TfLiteContext*, TfLiteNode*)	0	static
../Utilities/tensorflow/lite/micro/kernels/elementwise.cc:97:14:TfLiteStatus tflite::ops::micro::elementwise::{anonymous}::SqrtEval(TfLiteContext*, TfLiteNode*)	0	static
../Utilities/tensorflow/lite/micro/kernels/elementwise.cc:101:14:TfLiteStatus tflite::ops::micro::elementwise::{anonymous}::RsqrtEval(TfLiteContext*, TfLiteNode*)	0	static
../Utilities/tensorflow/lite/micro/kernels/elementwise.cc:105:14:TfLiteStatus tflite::ops::micro::elementwise::{anonymous}::SquareEval(TfLiteContext*, TfLiteNode*)	0	static
../Utilities/tensorflow/lite/micro/kernels/elementwise.cc:116:20:TfLiteRegistration tflite::ops::micro::Register_ABS()	16	static
../Utilities/tensorflow/lite/micro/kernels/elementwise.cc:128:20:TfLiteRegistration tflite::ops::micro::Register_SIN()	16	static
../Utilities/tensorflow/lite/micro/kernels/elementwise.cc:140:20:TfLiteRegistration tflite::ops::micro::Register_COS()	16	static
../Utilities/tensorflow/lite/micro/kernels/elementwise.cc:152:20:TfLiteRegistration tflite::ops::micro::Register_LOG()	16	static
../Utilities/tensorflow/lite/micro/kernels/elementwise.cc:164:20:TfLiteRegistration tflite::ops::micro::Register_SQRT()	16	static
../Utilities/tensorflow/lite/micro/kernels/elementwise.cc:176:20:TfLiteRegistration tflite::ops::micro::Register_RSQRT()	16	static
../Utilities/tensorflow/lite/micro/kernels/elementwise.cc:188:20:TfLiteRegistration tflite::ops::micro::Register_SQUARE()	16	static
../Utilities/tensorflow/lite/micro/kernels/elementwise.cc:200:20:TfLiteRegistration tflite::ops::micro::Register_LOGICAL_NOT()	16	static
