../Utilities/tensorflow/lite/micro/kernels/elu.cc:104:7:void* tflite::{anonymous}::EluInit(TfLiteContext*, const char*, size_t)	8	static
../Utilities/tensorflow/lite/micro/kernels/elu.cc:112:14:TfLiteStatus tflite::{anonymous}::EluPrepare(TfLiteContext*, TfLiteNode*)	64	static
/Users/johnpzh/pppp/STM32CubeIDE/028Printf/Utilities/tensorflow/lite/kernels/internal/types.h:296:12:int tflite::MatchingFlatSize(const tflite::RuntimeShape&, const tflite::RuntimeShape&)	16	static
../Utilities/tensorflow/lite/micro/kernels/elu.cc:116:14:TfLiteStatus tflite::{anonymous}::EluEval(TfLiteContext*, TfLiteNode*)	72	static
../Utilities/tensorflow/lite/micro/kernels/elu.cc:144:20:TfLiteRegistration tflite::Register_ELU()	16	static
