../Utilities/tensorflow/lite/micro/kernels/l2norm.cc:75:7:void* tflite::ops::micro::l2norm::Init(TfLiteContext*, const char*, size_t)	8	static
../Utilities/tensorflow/lite/micro/kernels/l2norm.cc:41:14:TfLiteStatus tflite::ops::micro::l2norm::Prepare(TfLiteContext*, TfLiteNode*)	48	static
/Users/johnpzh/pppp/STM32CubeIDE/028Printf/Utilities/tensorflow/lite/kernels/internal/runtime_shape.h:54:11:int32_t tflite::RuntimeShape::Dims(int) const	8	static
/Users/johnpzh/pppp/STM32CubeIDE/028Printf/Utilities/tensorflow/lite/kernels/internal/types.h:247:12:int tflite::MatchingDim(const tflite::RuntimeShape&, int, const tflite::RuntimeShape&, int)	16	static
/Users/johnpzh/pppp/STM32CubeIDE/028Printf/Utilities/tensorflow/lite/kernels/internal/types.h:514:12:int tflite::MatchingFlatSizeSkipDim(const tflite::RuntimeShape&, int, const tflite::RuntimeShape&)	32	static
/Users/johnpzh/pppp/STM32CubeIDE/028Printf/Utilities/third_party/gemmlowp/fixedpoint/fixedpoint.h:329:21:IntegerType gemmlowp::SaturatingRoundingDoublingHighMul(IntegerType, IntegerType) [with IntegerType = long int]	8	static
../Utilities/tensorflow/lite/micro/kernels/l2norm.cc:134:20:TfLiteRegistration tflite::ops::micro::Register_L2NORM_REF()	16	static
../Utilities/tensorflow/lite/micro/kernels/l2norm.cc:145:20:TfLiteRegistration tflite::ops::micro::Register_L2_NORMALIZATION()	8	static
/Users/johnpzh/pppp/STM32CubeIDE/028Printf/Utilities/third_party/gemmlowp/fixedpoint/fixedpoint.h:357:20:IntegerType gemmlowp::RoundingDivideByPOT(IntegerType, int) [with IntegerType = long int]	8	static
/Users/johnpzh/pppp/STM32CubeIDE/028Printf/Utilities/tensorflow/lite/kernels/internal/common.h:686:13:void tflite::GetInvSqrtQuantizedMultiplierExp(int32_t, int, int32_t*, int*)	48	static
/Users/johnpzh/pppp/STM32CubeIDE/028Printf/Utilities/tensorflow/lite/kernels/internal/reference/integer_ops/l2normalization.h:23:13:void tflite::reference_integer_ops::L2Normalization(int32_t, int32_t, int32_t, const int8_t*, int8_t*)	64	static
../Utilities/tensorflow/lite/micro/kernels/l2norm.cc:81:14:TfLiteStatus tflite::ops::micro::l2norm::Eval(TfLiteContext*, TfLiteNode*)	136	static
