../Utilities/tensorflow/lite/micro/kernels/leaky_relu.cc:48:7:void* tflite::LeakyReluInit(TfLiteContext*, const char*, size_t)	8	static
/Users/johnpzh/pppp/STM32CubeIDE/028TFLM/Utilities/tensorflow/lite/kernels/internal/types.h:296:12:int tflite::MatchingFlatSize(const tflite::RuntimeShape&, const tflite::RuntimeShape&)	16	static
/Users/johnpzh/pppp/STM32CubeIDE/028TFLM/Utilities/tensorflow/lite/kernels/internal/common.h:156:16:int32_t tflite::MultiplyByQuantizedMultiplier(int32_t, int32_t, int)	16	static
../Utilities/tensorflow/lite/micro/kernels/leaky_relu.cc:90:20:TfLiteRegistration tflite::Register_LEAKY_RELU()	16	static
../Utilities/tensorflow/lite/micro/kernels/leaky_relu.cc:30:6:void tflite::QuantizeLeakyRelu(const tflite::LeakyReluOpData&, const TfLiteEvalTensor*, TfLiteEvalTensor*) [with T = signed char]	96	static
../Utilities/tensorflow/lite/micro/kernels/leaky_relu.cc:30:6:void tflite::QuantizeLeakyRelu(const tflite::LeakyReluOpData&, const TfLiteEvalTensor*, TfLiteEvalTensor*) [with T = short int]	104	static
../Utilities/tensorflow/lite/micro/kernels/leaky_relu.cc:53:14:TfLiteStatus tflite::LeakyReluEval(TfLiteContext*, TfLiteNode*)	72	static
