../Utilities/tensorflow/lite/micro/kernels/logical.cc:26:14:TfLiteStatus tflite::{anonymous}::LogicalOrEval(TfLiteContext*, TfLiteNode*)	0	static
../Utilities/tensorflow/lite/micro/kernels/logical.cc:30:14:TfLiteStatus tflite::{anonymous}::LogicalAndEval(TfLiteContext*, TfLiteNode*)	0	static
../Utilities/tensorflow/lite/micro/kernels/logical.cc:36:20:TfLiteRegistration tflite::Register_LOGICAL_OR()	8	static
../Utilities/tensorflow/lite/micro/kernels/logical.cc:49:20:TfLiteRegistration tflite::Register_LOGICAL_AND()	8	static
