../Utilities/tensorflow/lite/micro/kernels/space_to_batch_nd.cc:41:7:void* tflite::{anonymous}::Init(TfLiteContext*, const char*, size_t)	8	static
../Utilities/tensorflow/lite/micro/kernels/space_to_batch_nd.cc:46:14:TfLiteStatus tflite::{anonymous}::Prepare(TfLiteContext*, TfLiteNode*)	40	static
/Users/johnpzh/pppp/STM32CubeIDE/028Printf/Utilities/tensorflow/lite/kernels/internal/runtime_shape.h:119:12:int tflite::Offset(const tflite::RuntimeShape&, int, int, int, int)	16	static
/Users/johnpzh/pppp/STM32CubeIDE/028Printf/Utilities/tensorflow/lite/kernels/internal/reference/space_to_batch_nd.h:28:21:tflite::RuntimeShape tflite::reference_ops::ExtendShapeSpaceToBatch(const tflite::RuntimeShape&)	40	static
/Users/johnpzh/pppp/STM32CubeIDE/028Printf/Utilities/tensorflow/lite/micro/kernels/kernel_util.h:31:26:TfLiteEvalTensor* tflite::micro::GetMutableEvalInput(const TfLiteContext*, const TfLiteNode*, int)	8	static
../Utilities/tensorflow/lite/micro/kernels/space_to_batch_nd.cc:63:14:TfLiteStatus tflite::{anonymous}::Eval(TfLiteContext*, TfLiteNode*)	400	static
../Utilities/tensorflow/lite/micro/kernels/space_to_batch_nd.cc:110:20:TfLiteRegistration tflite::Register_SPACE_TO_BATCH_ND()	16	static
