../Utilities/tensorflow/lite/micro/kernels/strided_slice.cc:120:7:void* tflite::ops::micro::strided_slice::Init(TfLiteContext*, const char*, size_t)	8	static
/Users/johnpzh/pppp/STM32CubeIDE/028TFLM/Utilities/tensorflow/lite/kernels/internal/runtime_shape.h:93:3:tflite::RuntimeShape::RuntimeShape(int, const tflite::RuntimeShape&, int)	24	static
/Users/johnpzh/pppp/STM32CubeIDE/028TFLM/Utilities/tensorflow/lite/kernels/internal/strided_slice_logic.h:36:13:void tflite::strided_slice::StridedSlicePadIndices(tflite::StridedSliceParams*, int)	16	static
/Users/johnpzh/pppp/STM32CubeIDE/028TFLM/Utilities/tensorflow/lite/kernels/internal/strided_slice_logic.h:75:12:int tflite::strided_slice::StartForAxis(const tflite::StridedSliceParams&, const tflite::RuntimeShape&, int)	16	static
/Users/johnpzh/pppp/STM32CubeIDE/028TFLM/Utilities/tensorflow/lite/kernels/internal/strided_slice_logic.h:122:12:int tflite::strided_slice::StopForAxis(const tflite::StridedSliceParams&, const tflite::RuntimeShape&, int, int)	16	static
../Utilities/tensorflow/lite/micro/kernels/strided_slice.cc:61:28:tflite::StridedSliceParams tflite::ops::micro::strided_slice::BuildStridedSliceParams(tflite::ops::micro::strided_slice::StridedSliceContext*)	16	static
../Utilities/tensorflow/lite/micro/kernels/strided_slice.cc:85:14:TfLiteStatus tflite::ops::micro::strided_slice::CheckOutputSize(TfLiteContext*, tflite::ops::micro::strided_slice::StridedSliceContext*)	168	static
../Utilities/tensorflow/lite/micro/kernels/strided_slice.cc:125:14:TfLiteStatus tflite::ops::micro::strided_slice::Prepare(TfLiteContext*, TfLiteNode*)	152	static
../Utilities/tensorflow/lite/micro/kernels/strided_slice.cc:179:20:TfLiteRegistration tflite::ops::micro::Register_STRIDED_SLICE()	16	static
/Users/johnpzh/pppp/STM32CubeIDE/028TFLM/Utilities/tensorflow/lite/kernels/internal/reference/strided_slice.h:30:13:void tflite::reference_ops::StridedSlice(const tflite::StridedSliceParams&, const tflite::RuntimeShape&, const tflite::RuntimeShape&, tflite::SequentialTensorWriter<T>*) [with T = float]	288	static
/Users/johnpzh/pppp/STM32CubeIDE/028TFLM/Utilities/tensorflow/lite/kernels/internal/reference/strided_slice.h:30:13:void tflite::reference_ops::StridedSlice(const tflite::StridedSliceParams&, const tflite::RuntimeShape&, const tflite::RuntimeShape&, tflite::SequentialTensorWriter<T>*) [with T = signed char]	224	static
/Users/johnpzh/pppp/STM32CubeIDE/028TFLM/Utilities/tensorflow/lite/kernels/internal/reference/strided_slice.h:30:13:void tflite::reference_ops::StridedSlice(const tflite::StridedSliceParams&, const tflite::RuntimeShape&, const tflite::RuntimeShape&, tflite::SequentialTensorWriter<T>*) [with T = short int]	288	static
../Utilities/tensorflow/lite/micro/kernels/strided_slice.cc:139:14:TfLiteStatus tflite::ops::micro::strided_slice::Eval(TfLiteContext*, TfLiteNode*)	120	static
