/Users/johnpzh/pppp/STM32CubeIDE/028TFLM/Utilities/tensorflow/lite/kernels/internal/common.h:156:16:int32_t tflite::MultiplyByQuantizedMultiplier(int32_t, int32_t, int)	16	static
/Users/johnpzh/pppp/STM32CubeIDE/028TFLM/Utilities/tensorflow/lite/micro/kernels/activation_utils.h:32:14:float tflite::ops::micro::ActivationValFloat(TfLiteFusedActivation, float)	8	static
../Utilities/tensorflow/lite/micro/kernels/svdf_common.cc:51:6:void tflite::EvalIntegerSvdfReference(TfLiteContext*, TfLiteNode*, const TfLiteEvalTensor*, const TfLiteEvalTensor*, const TfLiteEvalTensor*, const TfLiteEvalTensor*, const TfLiteSVDFParams*, TfLiteEvalTensor*, TfLiteEvalTensor*, const tflite::OpDataSvdf&)	96	static
../Utilities/tensorflow/lite/micro/kernels/svdf_common.cc:257:6:void tflite::EvalFloatSvdfReference(TfLiteContext*, TfLiteNode*, const TfLiteEvalTensor*, const TfLiteEvalTensor*, const TfLiteEvalTensor*, const TfLiteEvalTensor*, const TfLiteSVDFParams*, int, TfLiteEvalTensor*, TfLiteEvalTensor*)	96	static
../Utilities/tensorflow/lite/micro/kernels/svdf_common.cc:330:14:TfLiteStatus tflite::PrepareSvdf(TfLiteContext*, TfLiteNode*)	96	static
