../Utilities/tensorflow/lite/core/api/flatbuffer_conversions.cc:124:15:TfLitePadding tflite::{anonymous}::ConvertPadding(tflite::Padding)	0	static
../Utilities/tensorflow/lite/core/api/flatbuffer_conversions.cc:67:6:void tflite::{anonymous}::CheckParsePointerParams(const tflite::Operator*, tflite::ErrorReporter*, tflite::BuiltinDataAllocator*, void**)	8	static
../Utilities/tensorflow/lite/core/api/flatbuffer_conversions.cc:79:14:TfLiteStatus tflite::{anonymous}::FlatBufferIntVectorToArray(int, const flatbuffers::Vector<long int>*, int*, tflite::ErrorReporter*, const char*)	16	static
../Utilities/tensorflow/lite/core/api/flatbuffer_conversions.cc:43:10:void tflite::{anonymous}::SafeBuiltinDataAllocator::BuiltinDataDeleter::operator()(void*)	0	static
/Users/johnpzh/pppp/STM32CubeIDE/028Printf/Utilities/third_party/flatbuffers/include/flatbuffers/flatbuffers.h:2436:13:flatbuffers::voffset_t flatbuffers::Table::GetOptionalFieldOffset(flatbuffers::voffset_t) const	0	static
/Users/johnpzh/pppp/STM32CubeIDE/028Printf/Utilities/tensorflow/lite/schema/schema_generated.h:10492:15:const void* tflite::Operator::builtin_options() const	8	static
../Utilities/tensorflow/lite/core/api/flatbuffer_conversions.cc:835:14:TfLiteStatus tflite::ConvertTensorType(tflite::TensorType, TfLiteType*, tflite::ErrorReporter*)	8	static
../Utilities/tensorflow/lite/core/api/flatbuffer_conversions.cc:897:14:TfLiteStatus tflite::ParseAbs(const tflite::Operator*, tflite::ErrorReporter*, tflite::BuiltinDataAllocator*, void**)	0	static
../Utilities/tensorflow/lite/core/api/flatbuffer_conversions.cc:927:14:TfLiteStatus tflite::ParseAddN(const tflite::Operator*, tflite::ErrorReporter*, tflite::BuiltinDataAllocator*, void**)	0	static
../Utilities/tensorflow/lite/core/api/flatbuffer_conversions.cc:985:14:TfLiteStatus tflite::ParseAssignVariable(const tflite::Operator*, tflite::ErrorReporter*, tflite::BuiltinDataAllocator*, void**)	0	static
../Utilities/tensorflow/lite/core/api/flatbuffer_conversions.cc:1014:14:TfLiteStatus tflite::ParseBatchToSpaceNd(const tflite::Operator*, tflite::ErrorReporter*, tflite::BuiltinDataAllocator*, void**)	0	static
../Utilities/tensorflow/lite/core/api/flatbuffer_conversions.cc:1070:14:TfLiteStatus tflite::ParseCeil(const tflite::Operator*, tflite::ErrorReporter*, tflite::BuiltinDataAllocator*, void**)	0	static
../Utilities/tensorflow/lite/core/api/flatbuffer_conversions.cc:1156:14:TfLiteStatus tflite::ParseCos(const tflite::Operator*, tflite::ErrorReporter*, tflite::BuiltinDataAllocator*, void**)	0	static
../Utilities/tensorflow/lite/core/api/flatbuffer_conversions.cc:1225:14:TfLiteStatus tflite::ParseDequantize(const tflite::Operator*, tflite::ErrorReporter*, tflite::BuiltinDataAllocator*, void**)	0	static
../Utilities/tensorflow/lite/core/api/flatbuffer_conversions.cc:1248:14:TfLiteStatus tflite::ParseElu(const tflite::Operator*, tflite::ErrorReporter*, tflite::BuiltinDataAllocator*, void**)	0	static
../Utilities/tensorflow/lite/core/api/flatbuffer_conversions.cc:1256:14:TfLiteStatus tflite::ParseEqual(const tflite::Operator*, tflite::ErrorReporter*, tflite::BuiltinDataAllocator*, void**)	0	static
../Utilities/tensorflow/lite/core/api/flatbuffer_conversions.cc:1264:14:TfLiteStatus tflite::ParseExp(const tflite::Operator*, tflite::ErrorReporter*, tflite::BuiltinDataAllocator*, void**)	0	static
../Utilities/tensorflow/lite/core/api/flatbuffer_conversions.cc:1272:14:TfLiteStatus tflite::ParseExpandDims(const tflite::Operator*, tflite::ErrorReporter*, tflite::BuiltinDataAllocator*, void**)	0	static
../Utilities/tensorflow/lite/core/api/flatbuffer_conversions.cc:1280:14:TfLiteStatus tflite::ParseFill(const tflite::Operator*, tflite::ErrorReporter*, tflite::BuiltinDataAllocator*, void**)	0	static
../Utilities/tensorflow/lite/core/api/flatbuffer_conversions.cc:1288:14:TfLiteStatus tflite::ParseFloor(const tflite::Operator*, tflite::ErrorReporter*, tflite::BuiltinDataAllocator*, void**)	0	static
../Utilities/tensorflow/lite/core/api/flatbuffer_conversions.cc:1296:14:TfLiteStatus tflite::ParseFloorDiv(const tflite::Operator*, tflite::ErrorReporter*, tflite::BuiltinDataAllocator*, void**)	0	static
../Utilities/tensorflow/lite/core/api/flatbuffer_conversions.cc:1304:14:TfLiteStatus tflite::ParseFloorMod(const tflite::Operator*, tflite::ErrorReporter*, tflite::BuiltinDataAllocator*, void**)	0	static
../Utilities/tensorflow/lite/core/api/flatbuffer_conversions.cc:1379:14:TfLiteStatus tflite::ParseGatherNd(const tflite::Operator*, tflite::ErrorReporter*, tflite::BuiltinDataAllocator*, void**)	0	static
../Utilities/tensorflow/lite/core/api/flatbuffer_conversions.cc:1387:14:TfLiteStatus tflite::ParseGreater(const tflite::Operator*, tflite::ErrorReporter*, tflite::BuiltinDataAllocator*, void**)	0	static
../Utilities/tensorflow/lite/core/api/flatbuffer_conversions.cc:1395:14:TfLiteStatus tflite::ParseGreaterEqual(const tflite::Operator*, tflite::ErrorReporter*, tflite::BuiltinDataAllocator*, void**)	0	static
../Utilities/tensorflow/lite/core/api/flatbuffer_conversions.cc:1403:14:TfLiteStatus tflite::ParseHardSwish(const tflite::Operator*, tflite::ErrorReporter*, tflite::BuiltinDataAllocator*, void**)	0	static
../Utilities/tensorflow/lite/core/api/flatbuffer_conversions.cc:1478:14:TfLiteStatus tflite::ParseLess(const tflite::Operator*, tflite::ErrorReporter*, tflite::BuiltinDataAllocator*, void**)	0	static
../Utilities/tensorflow/lite/core/api/flatbuffer_conversions.cc:1486:14:TfLiteStatus tflite::ParseLessEqual(const tflite::Operator*, tflite::ErrorReporter*, tflite::BuiltinDataAllocator*, void**)	0	static
../Utilities/tensorflow/lite/core/api/flatbuffer_conversions.cc:1494:14:TfLiteStatus tflite::ParseLog(const tflite::Operator*, tflite::ErrorReporter*, tflite::BuiltinDataAllocator*, void**)	0	static
../Utilities/tensorflow/lite/core/api/flatbuffer_conversions.cc:1502:14:TfLiteStatus tflite::ParseLogicalAnd(const tflite::Operator*, tflite::ErrorReporter*, tflite::BuiltinDataAllocator*, void**)	0	static
../Utilities/tensorflow/lite/core/api/flatbuffer_conversions.cc:1510:14:TfLiteStatus tflite::ParseLogicalNot(const tflite::Operator*, tflite::ErrorReporter*, tflite::BuiltinDataAllocator*, void**)	0	static
../Utilities/tensorflow/lite/core/api/flatbuffer_conversions.cc:1518:14:TfLiteStatus tflite::ParseLogicalOr(const tflite::Operator*, tflite::ErrorReporter*, tflite::BuiltinDataAllocator*, void**)	0	static
../Utilities/tensorflow/lite/core/api/flatbuffer_conversions.cc:1526:14:TfLiteStatus tflite::ParseLogistic(const tflite::Operator*, tflite::ErrorReporter*, tflite::BuiltinDataAllocator*, void**)	0	static
../Utilities/tensorflow/lite/core/api/flatbuffer_conversions.cc:1534:14:TfLiteStatus tflite::ParseLogSoftmax(const tflite::Operator*, tflite::ErrorReporter*, tflite::BuiltinDataAllocator*, void**)	0	static
../Utilities/tensorflow/lite/core/api/flatbuffer_conversions.cc:1542:14:TfLiteStatus tflite::ParseMaximum(const tflite::Operator*, tflite::ErrorReporter*, tflite::BuiltinDataAllocator*, void**)	0	static
../Utilities/tensorflow/lite/core/api/flatbuffer_conversions.cc:1550:14:TfLiteStatus tflite::ParseMinimum(const tflite::Operator*, tflite::ErrorReporter*, tflite::BuiltinDataAllocator*, void**)	0	static
../Utilities/tensorflow/lite/core/api/flatbuffer_conversions.cc:1582:14:TfLiteStatus tflite::ParseNeg(const tflite::Operator*, tflite::ErrorReporter*, tflite::BuiltinDataAllocator*, void**)	0	static
../Utilities/tensorflow/lite/core/api/flatbuffer_conversions.cc:1590:14:TfLiteStatus tflite::ParseNotEqual(const tflite::Operator*, tflite::ErrorReporter*, tflite::BuiltinDataAllocator*, void**)	0	static
../Utilities/tensorflow/lite/core/api/flatbuffer_conversions.cc:1623:14:TfLiteStatus tflite::ParsePad(const tflite::Operator*, tflite::ErrorReporter*, tflite::BuiltinDataAllocator*, void**)	0	static
../Utilities/tensorflow/lite/core/api/flatbuffer_conversions.cc:1631:14:TfLiteStatus tflite::ParsePadV2(const tflite::Operator*, tflite::ErrorReporter*, tflite::BuiltinDataAllocator*, void**)	0	static
../Utilities/tensorflow/lite/core/api/flatbuffer_conversions.cc:1669:14:TfLiteStatus tflite::ParsePow(const tflite::Operator*, tflite::ErrorReporter*, tflite::BuiltinDataAllocator*, void**)	0	static
../Utilities/tensorflow/lite/core/api/flatbuffer_conversions.cc:1677:14:TfLiteStatus tflite::ParsePrelu(const tflite::Operator*, tflite::ErrorReporter*, tflite::BuiltinDataAllocator*, void**)	0	static
../Utilities/tensorflow/lite/core/api/flatbuffer_conversions.cc:1685:14:TfLiteStatus tflite::ParseQuantize(const tflite::Operator*, tflite::ErrorReporter*, tflite::BuiltinDataAllocator*, void**)	0	static
../Utilities/tensorflow/lite/core/api/flatbuffer_conversions.cc:1693:14:TfLiteStatus tflite::ParseReadVariable(const tflite::Operator*, tflite::ErrorReporter*, tflite::BuiltinDataAllocator*, void**)	0	static
../Utilities/tensorflow/lite/core/api/flatbuffer_conversions.cc:1727:14:TfLiteStatus tflite::ParseRelu(const tflite::Operator*, tflite::ErrorReporter*, tflite::BuiltinDataAllocator*, void**)	0	static
../Utilities/tensorflow/lite/core/api/flatbuffer_conversions.cc:1735:14:TfLiteStatus tflite::ParseRelu6(const tflite::Operator*, tflite::ErrorReporter*, tflite::BuiltinDataAllocator*, void**)	0	static
../Utilities/tensorflow/lite/core/api/flatbuffer_conversions.cc:1834:14:TfLiteStatus tflite::ParseRound(const tflite::Operator*, tflite::ErrorReporter*, tflite::BuiltinDataAllocator*, void**)	0	static
../Utilities/tensorflow/lite/core/api/flatbuffer_conversions.cc:1842:14:TfLiteStatus tflite::ParseRsqrt(const tflite::Operator*, tflite::ErrorReporter*, tflite::BuiltinDataAllocator*, void**)	0	static
../Utilities/tensorflow/lite/core/api/flatbuffer_conversions.cc:1873:14:TfLiteStatus tflite::ParseSin(const tflite::Operator*, tflite::ErrorReporter*, tflite::BuiltinDataAllocator*, void**)	0	static
../Utilities/tensorflow/lite/core/api/flatbuffer_conversions.cc:1881:14:TfLiteStatus tflite::ParseSlice(const tflite::Operator*, tflite::ErrorReporter*, tflite::BuiltinDataAllocator*, void**)	0	static
../Utilities/tensorflow/lite/core/api/flatbuffer_conversions.cc:1914:14:TfLiteStatus tflite::ParseSpaceToBatchNd(const tflite::Operator*, tflite::ErrorReporter*, tflite::BuiltinDataAllocator*, void**)	0	static
../Utilities/tensorflow/lite/core/api/flatbuffer_conversions.cc:2051:14:TfLiteStatus tflite::ParseSqrt(const tflite::Operator*, tflite::ErrorReporter*, tflite::BuiltinDataAllocator*, void**)	0	static
../Utilities/tensorflow/lite/core/api/flatbuffer_conversions.cc:2059:14:TfLiteStatus tflite::ParseSquare(const tflite::Operator*, tflite::ErrorReporter*, tflite::BuiltinDataAllocator*, void**)	0	static
../Utilities/tensorflow/lite/core/api/flatbuffer_conversions.cc:2150:14:TfLiteStatus tflite::ParseTanh(const tflite::Operator*, tflite::ErrorReporter*, tflite::BuiltinDataAllocator*, void**)	0	static
../Utilities/tensorflow/lite/core/api/flatbuffer_conversions.cc:2158:14:TfLiteStatus tflite::ParseTranspose(const tflite::Operator*, tflite::ErrorReporter*, tflite::BuiltinDataAllocator*, void**)	0	static
../Utilities/tensorflow/lite/core/api/flatbuffer_conversions.cc:2248:14:TfLiteStatus tflite::ParseZerosLike(const tflite::Operator*, tflite::ErrorReporter*, tflite::BuiltinDataAllocator*, void**)	0	static
/Users/johnpzh/pppp/STM32CubeIDE/028Printf/Utilities/third_party/flatbuffers/include/flatbuffers/flatbuffers.h:2446:26:T flatbuffers::Table::GetField(flatbuffers::voffset_t, T) const [with T = unsigned char]	16	static
/Users/johnpzh/pppp/STM32CubeIDE/028Printf/Utilities/tensorflow/lite/schema/schema_generated.h:10489:26:tflite::BuiltinOptions tflite::Operator::builtin_options_type() const	8	static
/Users/johnpzh/pppp/STM32CubeIDE/028Printf/Utilities/tensorflow/lite/schema/schema_generated.h:10769:28:const tflite::IfOptions* tflite::Operator::builtin_options_as_IfOptions() const	8	static
../Utilities/tensorflow/lite/core/api/flatbuffer_conversions.cc:1740:14:TfLiteStatus tflite::ParseReshape(const tflite::Operator*, tflite::ErrorReporter*, tflite::BuiltinDataAllocator*, void**)	32	static
../Utilities/tensorflow/lite/core/api/flatbuffer_conversions.cc:2015:14:TfLiteStatus tflite::ParseSqueeze(const tflite::Operator*, tflite::ErrorReporter*, tflite::BuiltinDataAllocator*, void**)	32	static
../Utilities/tensorflow/lite/core/api/flatbuffer_conversions.cc:2214:14:TfLiteStatus tflite::ParseVarHandle(const tflite::Operator*, tflite::ErrorReporter*, tflite::BuiltinDataAllocator*, void**)	16	static
../Utilities/tensorflow/lite/core/api/flatbuffer_conversions.cc:993:14:TfLiteStatus tflite::ParseBatchMatMul(const tflite::Operator*, tflite::ErrorReporter*, tflite::BuiltinDataAllocator*, void**)	24	static
../Utilities/tensorflow/lite/core/api/flatbuffer_conversions.cc:1138:14:TfLiteStatus tflite::ParseCumsum(const tflite::Operator*, tflite::ErrorReporter*, tflite::BuiltinDataAllocator*, void**)	24	static
../Utilities/tensorflow/lite/core/api/flatbuffer_conversions.cc:1698:14:TfLiteStatus tflite::ParseReducer(const tflite::Operator*, tflite::ErrorReporter*, tflite::BuiltinDataAllocator*, void**)	24	static
../Utilities/tensorflow/lite/core/api/flatbuffer_conversions.cc:1777:14:TfLiteStatus tflite::ParseResizeBilinear(const tflite::Operator*, tflite::ErrorReporter*, tflite::BuiltinDataAllocator*, void**)	24	static
../Utilities/tensorflow/lite/core/api/flatbuffer_conversions.cc:1804:14:TfLiteStatus tflite::ParseResizeNearestNeighbor(const tflite::Operator*, tflite::ErrorReporter*, tflite::BuiltinDataAllocator*, void**)	24	static
/Users/johnpzh/pppp/STM32CubeIDE/028Printf/Utilities/third_party/flatbuffers/include/flatbuffers/flatbuffers.h:2446:26:T flatbuffers::Table::GetField(flatbuffers::voffset_t, T) const [with T = long int]	16	static
../Utilities/tensorflow/lite/core/api/flatbuffer_conversions.cc:1019:14:TfLiteStatus tflite::ParseCallOnce(const tflite::Operator*, tflite::ErrorReporter*, tflite::BuiltinDataAllocator*, void**)	24	static
../Utilities/tensorflow/lite/core/api/flatbuffer_conversions.cc:1161:14:TfLiteStatus tflite::ParseDepthToSpace(const tflite::Operator*, tflite::ErrorReporter*, tflite::BuiltinDataAllocator*, void**)	24	static
../Utilities/tensorflow/lite/core/api/flatbuffer_conversions.cc:1358:14:TfLiteStatus tflite::ParseGather(const tflite::Operator*, tflite::ErrorReporter*, tflite::BuiltinDataAllocator*, void**)	24	static
../Utilities/tensorflow/lite/core/api/flatbuffer_conversions.cc:1595:14:TfLiteStatus tflite::ParsePack(const tflite::Operator*, tflite::ErrorReporter*, tflite::BuiltinDataAllocator*, void**)	24	static
../Utilities/tensorflow/lite/core/api/flatbuffer_conversions.cc:1919:14:TfLiteStatus tflite::ParseSpaceToDepth(const tflite::Operator*, tflite::ErrorReporter*, tflite::BuiltinDataAllocator*, void**)	24	static
../Utilities/tensorflow/lite/core/api/flatbuffer_conversions.cc:1944:14:TfLiteStatus tflite::ParseSplit(const tflite::Operator*, tflite::ErrorReporter*, tflite::BuiltinDataAllocator*, void**)	24	static
../Utilities/tensorflow/lite/core/api/flatbuffer_conversions.cc:1968:14:TfLiteStatus tflite::ParseSplitV(const tflite::Operator*, tflite::ErrorReporter*, tflite::BuiltinDataAllocator*, void**)	24	static
../Utilities/tensorflow/lite/core/api/flatbuffer_conversions.cc:2064:14:TfLiteStatus tflite::ParseStridedSlice(const tflite::Operator*, tflite::ErrorReporter*, tflite::BuiltinDataAllocator*, void**)	16	static
../Utilities/tensorflow/lite/core/api/flatbuffer_conversions.cc:2189:14:TfLiteStatus tflite::ParseUnpack(const tflite::Operator*, tflite::ErrorReporter*, tflite::BuiltinDataAllocator*, void**)	24	static
/Users/johnpzh/pppp/STM32CubeIDE/028Printf/Utilities/third_party/flatbuffers/include/flatbuffers/flatbuffers.h:2446:26:T flatbuffers::Table::GetField(flatbuffers::voffset_t, T) const [with T = signed char]	16	static
../Utilities/tensorflow/lite/core/api/flatbuffer_conversions.cc:902:14:TfLiteStatus tflite::ParseAdd(const tflite::Operator*, tflite::ErrorReporter*, tflite::BuiltinDataAllocator*, void**)	24	static
../Utilities/tensorflow/lite/core/api/flatbuffer_conversions.cc:932:14:TfLiteStatus tflite::ParseArgMax(const tflite::Operator*, tflite::ErrorReporter*, tflite::BuiltinDataAllocator*, void**)	32	static
../Utilities/tensorflow/lite/core/api/flatbuffer_conversions.cc:957:14:TfLiteStatus tflite::ParseArgMin(const tflite::Operator*, tflite::ErrorReporter*, tflite::BuiltinDataAllocator*, void**)	32	static
../Utilities/tensorflow/lite/core/api/flatbuffer_conversions.cc:1049:14:TfLiteStatus tflite::ParseCast(const tflite::Operator*, tflite::ErrorReporter*, tflite::BuiltinDataAllocator*, void**)	32	static
../Utilities/tensorflow/lite/core/api/flatbuffer_conversions.cc:1075:14:TfLiteStatus tflite::ParseConcatenation(const tflite::Operator*, tflite::ErrorReporter*, tflite::BuiltinDataAllocator*, void**)	24	static
../Utilities/tensorflow/lite/core/api/flatbuffer_conversions.cc:1104:14:TfLiteStatus tflite::ParseConv2D(const tflite::Operator*, tflite::ErrorReporter*, tflite::BuiltinDataAllocator*, void**)	24	static
../Utilities/tensorflow/lite/core/api/flatbuffer_conversions.cc:1186:14:TfLiteStatus tflite::ParseDepthwiseConv2D(const tflite::Operator*, tflite::ErrorReporter*, tflite::BuiltinDataAllocator*, void**)	16	static
../Utilities/tensorflow/lite/core/api/flatbuffer_conversions.cc:1230:14:TfLiteStatus tflite::ParseDiv(const tflite::Operator*, tflite::ErrorReporter*, tflite::BuiltinDataAllocator*, void**)	24	static
../Utilities/tensorflow/lite/core/api/flatbuffer_conversions.cc:1309:14:TfLiteStatus tflite::ParseFullyConnected(const tflite::Operator*, tflite::ErrorReporter*, tflite::BuiltinDataAllocator*, void**)	40	static
../Utilities/tensorflow/lite/core/api/flatbuffer_conversions.cc:1432:14:TfLiteStatus tflite::ParseL2Normalization(const tflite::Operator*, tflite::ErrorReporter*, tflite::BuiltinDataAllocator*, void**)	24	static
../Utilities/tensorflow/lite/core/api/flatbuffer_conversions.cc:1555:14:TfLiteStatus tflite::ParseMul(const tflite::Operator*, tflite::ErrorReporter*, tflite::BuiltinDataAllocator*, void**)	24	static
../Utilities/tensorflow/lite/core/api/flatbuffer_conversions.cc:1636:14:TfLiteStatus tflite::ParsePool(const tflite::Operator*, tflite::ErrorReporter*, tflite::BuiltinDataAllocator*, void**)	16	static
../Utilities/tensorflow/lite/core/api/flatbuffer_conversions.cc:1847:14:TfLiteStatus tflite::ParseShape(const tflite::Operator*, tflite::ErrorReporter*, tflite::BuiltinDataAllocator*, void**)	32	static
../Utilities/tensorflow/lite/core/api/flatbuffer_conversions.cc:2095:14:TfLiteStatus tflite::ParseSub(const tflite::Operator*, tflite::ErrorReporter*, tflite::BuiltinDataAllocator*, void**)	24	static
../Utilities/tensorflow/lite/core/api/flatbuffer_conversions.cc:2120:14:TfLiteStatus tflite::ParseSvdf(const tflite::Operator*, tflite::ErrorReporter*, tflite::BuiltinDataAllocator*, void**)	24	static
../Utilities/tensorflow/lite/core/api/flatbuffer_conversions.cc:2163:14:TfLiteStatus tflite::ParseTransposeConv(const tflite::Operator*, tflite::ErrorReporter*, tflite::BuiltinDataAllocator*, void**)	24	static
/Users/johnpzh/pppp/STM32CubeIDE/028Printf/Utilities/third_party/flatbuffers/include/flatbuffers/flatbuffers.h:2446:26:T flatbuffers::Table::GetField(flatbuffers::voffset_t, T) const [with T = float]	16	static
../Utilities/tensorflow/lite/core/api/flatbuffer_conversions.cc:1459:14:TfLiteStatus tflite::ParseLeakyRelu(const tflite::Operator*, tflite::ErrorReporter*, tflite::BuiltinDataAllocator*, void**)	24	static
../Utilities/tensorflow/lite/core/api/flatbuffer_conversions.cc:1886:14:TfLiteStatus tflite::ParseSoftmax(const tflite::Operator*, tflite::ErrorReporter*, tflite::BuiltinDataAllocator*, void**)	24	static
../Utilities/tensorflow/lite/core/api/flatbuffer_conversions.cc:1992:14:TfLiteStatus tflite::ParseUnidirectionalSequenceLSTM(const tflite::Operator*, tflite::ErrorReporter*, tflite::BuiltinDataAllocator*, void**)	16	static
/Users/johnpzh/pppp/STM32CubeIDE/028Printf/Utilities/tensorflow/lite/core/api/flatbuffer_conversions.h:43:6:T* tflite::BuiltinDataAllocator::AllocatePOD() [with T = TfLiteIfParams]	8	static
../Utilities/tensorflow/lite/core/api/flatbuffer_conversions.cc:2253:14:TfLiteStatus tflite::ParseOpData(const tflite::Operator*, tflite::BuiltinOperator, tflite::ErrorReporter*, tflite::BuiltinDataAllocator*, void**)	40	static
../Utilities/tensorflow/lite/core/api/flatbuffer_conversions.cc:1408:14:TfLiteStatus tflite::ParseIf(const tflite::Operator*, tflite::ErrorReporter*, tflite::BuiltinDataAllocator*, void**)	32	static
