../Utilities/tensorflow/lite/micro/micro_resource_variable.cc:30:25:static tflite::MicroResourceVariables* tflite::MicroResourceVariables::Create(tflite::MicroAllocator*, int)	16	static
../Utilities/tensorflow/lite/micro/micro_resource_variable.cc:69:14:TfLiteStatus tflite::MicroResourceVariables::Read(int, const TfLiteEvalTensor*)	16	static
../Utilities/tensorflow/lite/micro/micro_resource_variable.cc:82:14:TfLiteStatus tflite::MicroResourceVariables::Allocate(int, TfLiteContext*, const TfLiteTensor*)	8	static
../Utilities/tensorflow/lite/micro/micro_resource_variable.cc:104:14:TfLiteStatus tflite::MicroResourceVariables::Assign(int, const TfLiteEvalTensor*)	16	static
../Utilities/tensorflow/lite/micro/micro_resource_variable.cc:124:5:int tflite::MicroResourceVariables::FindId(const char*, const char*)	32	static
../Utilities/tensorflow/lite/micro/micro_resource_variable.cc:44:5:int tflite::MicroResourceVariables::CreateIdIfNoneFound(const char*, const char*)	16	static
