/Users/johnpzh/pppp/STM32CubeIDE/028Printf/Utilities/tensorflow/lite/micro/micro_profiler.h:32:11:tflite::MicroProfiler::~MicroProfiler()	0	static
../Utilities/tensorflow/lite/micro/micro_profiler.cc:25:10:virtual uint32_t tflite::MicroProfiler::BeginEvent(const char*)	16	static
../Utilities/tensorflow/lite/micro/micro_profiler.cc:36:6:virtual void tflite::MicroProfiler::EndEvent(uint32_t)	16	static
/Users/johnpzh/pppp/STM32CubeIDE/028Printf/Utilities/tensorflow/lite/micro/micro_profiler.h:32:11:virtual tflite::MicroProfiler::~MicroProfiler()	8	static
../Utilities/tensorflow/lite/micro/micro_profiler.cc:41:9:int32_t tflite::MicroProfiler::GetTotalTicks() const	12	static
../Utilities/tensorflow/lite/micro/micro_profiler.cc:49:6:void tflite::MicroProfiler::Log() const	48	static
../Utilities/tensorflow/lite/micro/micro_profiler.cc:58:6:void tflite::MicroProfiler::LogCsv() const	24	static
