/Users/johnpzh/pppp/STM32CubeIDE/028TFLM/Utilities/tensorflow/lite/micro/micro_error_reporter.h:40:3:tflite::MicroErrorReporter::~MicroErrorReporter()	0	static
../Utilities/tensorflow/lite/micro/micro_error_reporter.cc:31:6:void {anonymous}::Log(const char*, va_list)	264	static
../Utilities/tensorflow/lite/micro/micro_error_reporter.cc:63:5:virtual int tflite::MicroErrorReporter::Report(const char*, va_list)	8	static
/Users/johnpzh/pppp/STM32CubeIDE/028TFLM/Utilities/tensorflow/lite/micro/micro_error_reporter.h:40:3:virtual tflite::MicroErrorReporter::~MicroErrorReporter()	8	static
../Utilities/tensorflow/lite/micro/micro_error_reporter.cc:47:6:)	16	static
../Utilities/tensorflow/lite/micro/micro_error_reporter.cc:56:16:tflite::ErrorReporter* tflite::GetMicroErrorReporter()	0	static
