../Utilities/tensorflow/lite/micro/micro_interpreter.cc:323:7:static void* tflite::MicroInterpreter::AllocatePersistentBuffer(TfLiteContext*, size_t)	0	static
../Utilities/tensorflow/lite/micro/micro_interpreter.cc:338:7:static void* tflite::MicroInterpreter::GetScratchBuffer(TfLiteContext*, int)	0	static
../Utilities/tensorflow/lite/micro/micro_interpreter.cc:358:15:static TfLiteTensor* tflite::MicroInterpreter::GetTensor(const TfLiteContext*, int)	24	static
../Utilities/tensorflow/lite/micro/micro_interpreter.cc:367:19:static TfLiteEvalTensor* tflite::MicroInterpreter::GetEvalTensor(const TfLiteContext*, int)	0	static
../Utilities/tensorflow/lite/micro/micro_interpreter.cc:376:14:static TfLiteStatus tflite::MicroInterpreter::GetGraph(TfLiteContext*, TfLiteIntArray**)	0	static
../Utilities/tensorflow/lite/micro/micro_interpreter.cc:329:14:static TfLiteStatus tflite::MicroInterpreter::RequestScratchBufferInArena(TfLiteContext*, size_t, int*)	0	static
../Utilities/tensorflow/lite/micro/micro_interpreter.cc:346:6:)	12	static
/Users/johnpzh/pppp/STM32CubeIDE/028Printf/Utilities/third_party/flatbuffers/include/flatbuffers/flatbuffers.h:2436:13:flatbuffers::voffset_t flatbuffers::Table::GetOptionalFieldOffset(flatbuffers::voffset_t) const	0	static
/Users/johnpzh/pppp/STM32CubeIDE/028Printf/Utilities/tensorflow/lite/schema/schema_generated.h:1166:20:const char* tflite::EnumNameBuiltinOperator(tflite::BuiltinOperator)	0	static
/Users/johnpzh/pppp/STM32CubeIDE/028Printf/Utilities/tensorflow/lite/schema/schema_generated.h:11905:69:const flatbuffers::Vector<flatbuffers::Offset<tflite::SubGraph> >* tflite::Model::subgraphs() const	8	static
../Utilities/tensorflow/lite/micro/micro_interpreter.cc:36:1:tflite::MicroInterpreter::MicroInterpreter(const tflite::Model*, const tflite::MicroOpResolver&, uint8_t*, size_t, tflite::ErrorReporter*, tflite::MicroResourceVariables*, tflite::MicroProfiler*)	32	static
../Utilities/tensorflow/lite/micro/micro_interpreter.cc:57:1:tflite::MicroInterpreter::MicroInterpreter(const tflite::Model*, const tflite::MicroOpResolver&, tflite::MicroAllocator*, tflite::ErrorReporter*, tflite::MicroResourceVariables*, tflite::MicroProfiler*)	32	static
../Utilities/tensorflow/lite/micro/micro_interpreter.cc:81:6:void tflite::MicroInterpreter::Init(tflite::MicroProfiler*)	0	static
/Users/johnpzh/pppp/STM32CubeIDE/028Printf/Utilities/third_party/flatbuffers/include/flatbuffers/flatbuffers.h:261:15:flatbuffers::Vector<T>::return_type flatbuffers::Vector<T>::Get(flatbuffers::uoffset_t) const [with T = long int]	8	static
/Users/johnpzh/pppp/STM32CubeIDE/028Printf/Utilities/third_party/flatbuffers/include/flatbuffers/flatbuffers.h:261:15:flatbuffers::Vector<T>::return_type flatbuffers::Vector<T>::Get(flatbuffers::uoffset_t) const [with T = flatbuffers::Offset<tflite::SubGraph>]	8	static
/Users/johnpzh/pppp/STM32CubeIDE/028Printf/Utilities/third_party/flatbuffers/include/flatbuffers/flatbuffers.h:2451:26:P flatbuffers::Table::GetPointer(flatbuffers::voffset_t) [with P = const flatbuffers::Vector<long int>*]	8	static
/Users/johnpzh/pppp/STM32CubeIDE/028Printf/Utilities/tensorflow/lite/micro/micro_interpreter.h:76:10:size_t tflite::MicroInterpreter::inputs_size() const	8	static
../Utilities/tensorflow/lite/micro/micro_interpreter.cc:297:15:TfLiteTensor* tflite::MicroInterpreter::input(size_t)	16	static
/Users/johnpzh/pppp/STM32CubeIDE/028Printf/Utilities/tensorflow/lite/micro/micro_interpreter.h:94:10:size_t tflite::MicroInterpreter::outputs_size() const	8	static
../Utilities/tensorflow/lite/micro/micro_interpreter.cc:308:15:TfLiteTensor* tflite::MicroInterpreter::output(size_t)	16	static
../Utilities/tensorflow/lite/micro/micro_interpreter.cc:75:1:tflite::MicroInterpreter::~MicroInterpreter()	16	static
../Utilities/tensorflow/lite/micro/micro_interpreter.cc:93:14:TfLiteStatus tflite::MicroInterpreter::PrepareNodeAndRegistrationDataFromFlatbuffer()	88	static
../Utilities/tensorflow/lite/micro/micro_interpreter.cc:319:14:TfLiteStatus tflite::MicroInterpreter::ResetVariableTensors()	0	static
../Utilities/tensorflow/lite/micro/micro_interpreter.cc:192:14:TfLiteStatus tflite::MicroInterpreter::AllocateTensors()	48	static
../Utilities/tensorflow/lite/micro/micro_interpreter.cc:282:14:TfLiteStatus tflite::MicroInterpreter::Invoke()	8	static
