/Users/johnpzh/pppp/STM32CubeIDE/028Printf/Utilities/tensorflow/lite/micro/recording_micro_allocator.h:55:7:tflite::RecordingMicroAllocator::~RecordingMicroAllocator()	8	static
/Users/johnpzh/pppp/STM32CubeIDE/028Printf/Utilities/tensorflow/lite/micro/recording_micro_allocator.h:55:7:virtual tflite::RecordingMicroAllocator::~RecordingMicroAllocator()	8	static
/Users/johnpzh/pppp/STM32CubeIDE/028Printf/Utilities/third_party/flatbuffers/include/flatbuffers/flatbuffers.h:2436:13:flatbuffers::voffset_t flatbuffers::Table::GetOptionalFieldOffset(flatbuffers::voffset_t) const	0	static
/Users/johnpzh/pppp/STM32CubeIDE/028Printf/Utilities/tensorflow/lite/schema/schema_generated.h:11905:69:const flatbuffers::Vector<flatbuffers::Offset<tflite::SubGraph> >* tflite::Model::subgraphs() const	8	static
../Utilities/tensorflow/lite/micro/recording_micro_allocator.cc:27:1:tflite::RecordingMicroAllocator::RecordingMicroAllocator(tflite::RecordingSimpleMemoryAllocator*, tflite::MicroMemoryPlanner*, tflite::ErrorReporter*)	16	static
../Utilities/tensorflow/lite/micro/recording_micro_allocator.cc:34:26:static tflite::RecordingMicroAllocator* tflite::RecordingMicroAllocator::Create(uint8_t*, size_t, tflite::ErrorReporter*)	24	static
../Utilities/tensorflow/lite/micro/recording_micro_allocator.cc:56:20:tflite::RecordedAllocation tflite::RecordingMicroAllocator::GetRecordedAllocation(tflite::RecordedAllocationType) const	16	static
../Utilities/tensorflow/lite/micro/recording_micro_allocator.cc:80:1:const tflite::RecordingSimpleMemoryAllocator* tflite::RecordingMicroAllocator::GetSimpleMemoryAllocator() const	0	static
../Utilities/tensorflow/lite/micro/recording_micro_allocator.cc:124:6:void tflite::RecordingMicroAllocator::PrintRecordedAllocation(tflite::RecordedAllocationType, const char*, const char*) const	56	static
../Utilities/tensorflow/lite/micro/recording_micro_allocator.cc:84:6:void tflite::RecordingMicroAllocator::PrintAllocations() const	16	static
../Utilities/tensorflow/lite/micro/recording_micro_allocator.cc:222:20:tflite::RecordedAllocation tflite::RecordingMicroAllocator::SnapshotAllocationUsage() const	16	static
../Utilities/tensorflow/lite/micro/recording_micro_allocator.cc:228:6:void tflite::RecordingMicroAllocator::RecordAllocationUsage(const tflite::RecordedAllocation&, tflite::RecordedAllocation&)	16	static
/Users/johnpzh/pppp/STM32CubeIDE/028Printf/Utilities/third_party/flatbuffers/include/flatbuffers/flatbuffers.h:261:15:flatbuffers::Vector<T>::return_type flatbuffers::Vector<T>::Get(flatbuffers::uoffset_t) const [with T = flatbuffers::Offset<tflite::SubGraph>]	8	static
../Utilities/tensorflow/lite/micro/recording_micro_allocator.cc:116:7:virtual void* tflite::RecordingMicroAllocator::AllocatePersistentBuffer(size_t)	32	static
../Utilities/tensorflow/lite/micro/recording_micro_allocator.cc:140:14:virtual TfLiteStatus tflite::RecordingMicroAllocator::AllocateNodeAndRegistrations(const tflite::Model*, tflite::SubgraphAllocations*)	56	static
../Utilities/tensorflow/lite/micro/recording_micro_allocator.cc:165:14:virtual TfLiteStatus tflite::RecordingMicroAllocator::AllocateTfLiteEvalTensors(const tflite::Model*, tflite::SubgraphAllocations*)	56	static
../Utilities/tensorflow/lite/micro/recording_micro_allocator.cc:186:14:virtual TfLiteStatus tflite::RecordingMicroAllocator::AllocateVariables(const tflite::SubGraph*, TfLiteEvalTensor*)	40	static
../Utilities/tensorflow/lite/micro/recording_micro_allocator.cc:199:1:virtual TfLiteTensor* tflite::RecordingMicroAllocator::AllocatePersistentTfLiteTensorInternal()	32	static
../Utilities/tensorflow/lite/micro/recording_micro_allocator.cc:209:14:virtual TfLiteStatus tflite::RecordingMicroAllocator::PopulateTfLiteTensorFromFlatbuffer(const tflite::Model*, TfLiteTensor*, int, int, bool)	48	static
